2026-03-17 18:19:20,012 - INFO - 开始处理 IPTV 直播源...
2026-03-17 18:19:24,033 - INFO - url: https://gitee.com/jin-xueling/cinematography/raw/master/json.txt 获取成功，判断为txt格式
2026-03-17 18:19:24,038 - INFO - url: https://gitee.com/jin-xueling/cinematography/raw/master/json.txt 爬取成功✅，包含频道分类: 央视卫视, 战争电影, 春晚现场, 🎤DJ  歌曲, 🎧经典音乐, 轮播, 聊斋, 聊斋先生, 西游记86版, 西游记续集, 西游记张卫健, 西游记后传, 西游记吴承恩版
2026-03-17 18:19:25,109 - INFO - url: http://210.245.166.84:1299/live/live.txt 获取成功，判断为txt格式
2026-03-17 18:19:25,111 - INFO - url: http://210.245.166.84:1299/live/live.txt 爬取成功✅，包含频道分类: ﻿CCTV央视, 全球电视, 新增频道, 央视备用, 超清频道, 卫视系列, 央视咪咕, Espn体育, 体育频道, 国外频道, 电影直播, 央视数字, 香港无线, 台湾新闻, 台湾娱乐, 测试上新
2026-03-17 18:19:25,534 - INFO - url: https://d.kstore.dev/download/12441/ds9.txt 获取成功，判断为txt格式
2026-03-17 18:19:25,541 - INFO - url: https://d.kstore.dev/download/12441/ds9.txt 爬取成功✅，包含频道分类: 『電視家9』, 央卫频道1, 央卫频道2, 央卫频道3, 央卫频道4, 央卫频道5, 国际频道, 凤凰频道, 北方广电, 北海联通, 太原联通, 移动高清, 联通酒店, 河南电信, 体育综合, 影视频道, 百事通线, 德州移动, 联通天津, 联通济南, 电信河北, 电信深圳, 央卫网络, 四川频道, 吉林频道, 黑龙江频道, 山东频道, 山西频道, 陕西频道, 湖北频道, 湖南频道, 江苏频道, 浙江频道, 重庆频道, 安徽频道, 江西频道, 广东频道, 海南频道, 内蒙古, 广西频道, 新疆频道, 上海频道, 其他地方, 十堰移通, 综合频道, 电视剧, 经典轮播, 👉下载地址
2026-03-17 18:19:28,652 - INFO - url: http://rihou.cc:555/gggg.nzk 获取成功，判断为txt格式
2026-03-17 18:19:28,660 - INFO - url: http://rihou.cc:555/gggg.nzk 爬取成功✅，包含频道分类: 猫TV影视, NBA赛评, 女足赛评, 女篮赛评, CBA赛评, 赛事咪咕, 央卫咪咕, 特区频流, 特新Pdtv, 欣赏频道, 网页音乐, 欣赏音乐, 闽南频测, 特区Mttv, 特马SXtv, 特闽Hktv, 特闽FYtv, 闽南4Gtv, 闽南回放, 特闽频晴, 央卫频特, 特区频特, 闽南频特, 央卫高码, 抖音网页, 荔枝网页, 虎牙频道, 爱奇频道, 特区地波, 广州电信, 童年频道, 亮剑全集, 雪豹全集, 凡人修仙, 华山论剑, Q-三国粤, 大时代粤, 流星花园, 还珠格格, 甄嬛传国, 大地恩情, 粤经典剧, 射雕英雄, 神雕侠侣, 视觉效果, 体育频特, 电影频特, 纪录频特, 新闻频特, 儿童频特, 新加频特, 马来频特, 印尼频特, 印度频特, 泰国频特, 英国频特, 越南频特, 韩国频特, 日本频特
2026-03-17 18:19:28,817 - INFO - url: https://zubo-bly.pages.dev/itvlist.txt 获取成功，判断为txt格式
2026-03-17 18:19:28,818 - INFO - url: https://zubo-bly.pages.dev/itvlist.txt 爬取成功✅，包含频道分类: 更新时间, 央视频道, 卫视频道, 数字频道
2026-03-17 18:19:28,910 - INFO - url: https://zubo-bly.pages.dev/IPTV.txt 获取成功，判断为txt格式
2026-03-17 18:19:28,913 - INFO - url: https://zubo-bly.pages.dev/IPTV.txt 爬取成功✅，包含频道分类: 更新时间, 央视频道, 卫视频道, 数字频道, 湖北
2026-03-17 18:19:29,034 - INFO - url: https://raw.githubusercontent.com/alantang1977/JunTV/refs/heads/main/output/result.m3u 获取成功，判断为m3u格式
2026-03-17 18:19:29,037 - INFO - url: https://raw.githubusercontent.com/alantang1977/JunTV/refs/heads/main/output/result.m3u 爬取成功✅，包含频道分类: 🕘️更新时间, 🍄┃广东频道, 🍉┃咪咕频道, 🍓┃央视频道, 🐧┃卫视频道, 🚂┃湾区频道, 🅱┃台湾频道, 📚┃浙江频道, 📚┃北京频道, 📚┃上海频道, 📚┃重庆频道, 🎬┃电影频道, 💰┃付费频道, 🎥┃咪咕直播, 🏀┃体育频道, 📚┃动画频道, 🎵┃音乐频道, 🏛┃经典剧场
2026-03-17 18:19:30,586 - INFO - url: https://tmxk.pp.ua/iptv-cn.m3u 获取成功，判断为m3u格式
2026-03-17 18:19:30,592 - INFO - url: https://tmxk.pp.ua/iptv-cn.m3u 爬取成功✅，包含频道分类: 超高清, 央视, 体育, 卫视, 地方, 影视, 新闻, 教育, 熊猫, 综艺, 少儿, 纪实, 体育-昨天, 体育-今天, 体育-明天, 央视频道, 卫视频道, 电影频道, 动画频道, 睛彩频道, 咪视界, 历年春晚
2026-03-17 18:19:30,826 - INFO - url: https://raw.githubusercontent.com/develop202/migu_video/main/interface.txt 获取成功，判断为m3u格式
2026-03-17 18:19:30,827 - INFO - url: https://raw.githubusercontent.com/develop202/migu_video/main/interface.txt 爬取成功✅，包含频道分类: 央视频道, 卫视频道, 广东地区, 湖南地区, 浙江地区, 黑龙江地区, 陕西地区, 云南地区, 福建地区, 河南地区, 甘肃地区, 超清频道
2026-03-17 18:19:31,163 - INFO - url: https://down.nigx.cn/raw.githubusercontent.com/Jsnzkpg/Jsnzkpg/Jsnzkpg/Jsnzkpg1 获取成功，判断为txt格式
2026-03-17 18:19:31,168 - INFO - url: https://down.nigx.cn/raw.githubusercontent.com/Jsnzkpg/Jsnzkpg/Jsnzkpg/Jsnzkpg1 爬取成功✅，包含频道分类: ✈️TG频道@stymei1, 🔥[三网]央卫视直播, 🔥[电信]央卫视直播, 🔥[移动]央卫视直播, 🔥[联通]央卫视直播, 🔥[三网]地方台直播, 🔮[三网]港澳台直播, 🌏[三网]全球台直播, 👶🏻少儿直播, 🏀体育直播, 🎞️电影直播, 📽️综艺直播, 📺电视剧直播, 💽纪录片直播, 🎮游戏直播, 🎧音乐直播, 🎎动漫直播, 🍿短剧直播, 🧨小品直播, 🎚️相声直播, 📚听书直播, 👴🏻老年直播, 🔊解说直播, 👁️‍🗨️监控直播, 🎙️抖音直播, 🤟🏻YY直播, 💖爱奇艺直播, 🎨埋堆堆直播, 🏀蜘蛛直播, 🏀[联通]咪视界直播, 🏀[移动]咪视界直播, 🏀[移动]BestTV直播, 🛸[三网]NewTV直播, 🛸[移动]NewTV直播, 👠KK直播, 👠九秀直播, 👠齐齐直播, 🧘🏻‍♀️瑜伽裤直播, 👙模特直播, 💋车模直播, 💄女团直播, 💃🏻热舞直播, 🎣钓鱼直播, 🌲乡野直播, 🗣️脱口秀直播, 🤣沙雕动画直播, 🥥海南移动直播, 🎰API随机点播, 🎤周杰伦歌曲点播, 🎹歌手合集点播
2026-03-17 18:19:31,289 - ERROR - url: https://gh.catmak.name/https://raw.githubusercontent.com/alantang1977/X/refs/heads/main/live/live_ipv4.m3u 爬取失败❌, Error: 403 Client Error: Forbidden for url: https://gh.catmak.name/https://raw.githubusercontent.com/alantang1977/X/refs/heads/main/live/live_ipv4.m3u
2026-03-17 18:19:32,645 - INFO - url: https://dsj-1312694395.cos.ap-guangzhou.myqcloud.com/dsj10.1.txt 获取成功，判断为txt格式
2026-03-17 18:19:32,650 - INFO - url: https://dsj-1312694395.cos.ap-guangzhou.myqcloud.com/dsj10.1.txt 爬取成功✅，包含频道分类: 🕘️使用公告, ☘️个人常看, 🖥抖音直播, 📺央卫网络, 📺优质IPTV, 📺央卫频道, 📡地方频道, 🔥港台电影, 🇭🇰香港, 🇹🇼台湾, 🇺🇸美国, 🇯🇵日本, 🇰🇷韩国, 🇷🇺俄罗斯#genre#, 🏀体育, 🐬动画, 📽爱奇艺, 📽经典轮播, 🎰随机点播, 🌏国外频道, 📻广播频道, 🎞️院线电影 #genre#, 🎞️剧集, 🎞️综艺, 🎬留言求片, 🆕新闻女王2, 🆕倚天2003, 🆕倚天2019, 🆕难哄, 🆕卧底娇娃, 🍗打赏支持
2026-03-17 18:19:32,768 - INFO - url: https://raw.githubusercontent.com/gclgg/tv/refs/heads/main/itvlist.txt 获取成功，判断为txt格式
2026-03-17 18:19:32,768 - INFO - url: https://raw.githubusercontent.com/gclgg/tv/refs/heads/main/itvlist.txt 爬取成功✅，包含频道分类: 央视频道, 卫视频道, 其他频道
2026-03-17 18:19:33,159 - INFO - url: https://d.kstore.dev/download/15366/6988.txt 获取成功，判断为txt格式
2026-03-17 18:19:33,164 - INFO - url: https://d.kstore.dev/download/15366/6988.txt 爬取成功✅，包含频道分类: 央卫频道, 广东频道, 港台频道, 六合开奖
2026-03-17 18:19:33,288 - INFO - url: https://raw.githubusercontent.com/develop202/migu_video/refs/heads/main/interface.txt 获取成功，判断为m3u格式
2026-03-17 18:19:33,289 - INFO - url: https://raw.githubusercontent.com/develop202/migu_video/refs/heads/main/interface.txt 爬取成功✅，包含频道分类: 央视频道, 卫视频道, 广东地区, 湖南地区, 浙江地区, 黑龙江地区, 陕西地区, 云南地区, 福建地区, 河南地区, 甘肃地区, 超清频道
2026-03-17 18:19:33,407 - ERROR - url: https://raw.githubusercontent.com/Guovin/iptv-database/master/result.txt 爬取失败❌, Error: 404 Client Error: Not Found for url: https://raw.githubusercontent.com/Guovin/iptv-database/master/result.txt
2026-03-17 18:19:33,471 - INFO - url: https://raw.githubusercontent.com/iptv-org/iptv/gh-pages/countries/cn.m3u 获取成功，判断为m3u格式
2026-03-17 18:19:33,472 - INFO - url: https://raw.githubusercontent.com/iptv-org/iptv/gh-pages/countries/cn.m3u 爬取成功✅，包含频道分类: Religious, News, Undefined, Kids, Education;Science, General, Business, Entertainment, Sports, Movies, Education, Culture, Documentary, Music, Lifestyle, Education;Outdoor, Animation;Kids, Education;Lifestyle;Science, Comedy, Kids;Lifestyle, Culture;Education, Outdoor, General;News, Shop, Weather, Family, Science, Legislative
2026-03-17 18:19:33,534 - INFO - url: https://raw.githubusercontent.com/iptv-org/iptv/master/streams/cn.m3u 获取成功，判断为m3u格式
2026-03-17 18:19:33,657 - INFO - url: https://raw.githubusercontent.com/suxuang/myIPTV/main/ipv4.m3u 获取成功，判断为m3u格式
2026-03-17 18:19:33,660 - INFO - url: https://raw.githubusercontent.com/suxuang/myIPTV/main/ipv4.m3u 爬取成功✅，包含频道分类: 4K频道, 央视频道, 央视高清, 咪咕央视, 卫视频道, 备用频道, 移动IPTV, 数字频道, APTV专享, APTV专享" catchup="append" catchup-source="?playseek=${(b)yyyyMMddHHmmss}-${(e)yyyyMMddHHmmss}, APTV专享" tvg-logo="https://gcore.jsdelivr.net/gh/taksssss/tv/icon/北京纪实科教.png, BXTV频道, 港澳代理, 港澳台频道, IHOT频道, NewTV频道, 咪咕赛事, 动画频道, 虎牙影视, 斗鱼影视, 电视剧频道, 埋堆堆频道, 点播电影, ☘️北京频道, ☘️上海频道, ☘️浙江频道, ☘️湖南频道, ☘️四川频道, ☘️辽宁频道, ☘️广东频道, ☘️江苏频道, ☘️河南频道, ☘️河北频道, ☘️陕西频道, ☘️安徽频道, ☘️湖北频道, ☘️福建频道, ☘️海南频道, ☘️黑龙江频道, ☘️内蒙古频道, 地方频道, 春晚频道, 国际频道
2026-03-17 18:19:33,850 - INFO - url: https://raw.githubusercontent.com/kimwang1978/collect-tv-txt/main/others_output.txt 获取成功，判断为txt格式
2026-03-17 18:19:33,927 - INFO - url: https://raw.githubusercontent.com/vbskycn/iptv/master/tv/iptv4.txt 获取成功，判断为txt格式
2026-03-17 18:19:33,931 - INFO - url: https://raw.githubusercontent.com/vbskycn/iptv/master/tv/iptv4.txt 爬取成功✅，包含频道分类: 央视频道, 卫视频道, 电影频道, 数字频道, 儿童频道, 特色直播, 地方频道, 纪录频道, 体育频道, 解说频道, 音乐频道, 春晚频道, 直播中国, 更新时间
2026-03-17 18:19:34,113 - INFO - url: https://raw.githubusercontent.com/kakaxi-1/IPTV/refs/heads/main/ipv4.txt 获取成功，判断为txt格式
2026-03-17 18:19:34,115 - INFO - url: https://raw.githubusercontent.com/kakaxi-1/IPTV/refs/heads/main/ipv4.txt 爬取成功✅，包含频道分类: 更新时间, 央视频道, 卫视频道, 数字频道, 湾湾节点, 影视轮播, 游戏赛事
2026-03-17 18:19:34,187 - INFO - url: https://raw.githubusercontent.com/vbskycn/iptv/master/tv/iptv4.txt 获取成功，判断为txt格式
2026-03-17 18:19:34,195 - INFO - url: https://raw.githubusercontent.com/vbskycn/iptv/master/tv/iptv4.txt 爬取成功✅，包含频道分类: 央视频道, 卫视频道, 电影频道, 数字频道, 儿童频道, 特色直播, 地方频道, 纪录频道, 体育频道, 解说频道, 音乐频道, 春晚频道, 直播中国, 更新时间
2026-03-17 18:19:34,503 - INFO - IPTV 直播源处理完成 ✅
